/*C1*/SET SCHEMA SYSTEM_LOBS
INSERT INTO BLOCKS VALUES(0,2147483647,0)
COMMIT
/*C2*/SET SCHEMA PUBLIC
create table Alunos (\u000a RA int,\u000a Nome varchar(50),\u000a DataNascimento date,\u000a Renda decimal(15, 2),\u000a primary key(ra))\u000a 
INSERT INTO ALUNOS VALUES(111,'Jos\u00e9','2000-01-31',5000.00)
COMMIT
INSERT INTO ALUNOS VALUES(333,'Maria','2006-12-01',1000.00)
COMMIT
INSERT INTO ALUNOS VALUES(444,'Ana Julia','2001-08-09',1800.00)
COMMIT
INSERT INTO ALUNOS VALUES(222,'Pedro Silva','1997-05-23',1800.00)
COMMIT
INSERT INTO ALUNOS VALUES(555,'Maria Ines','2002-11-25',2000.00)
COMMIT
create table Funcionarios (\u000a RE int,\u000a nome VARCHAR(40),\u000a dataAdmissao date,\u000a salario decimal (15, 2),\u000a primary key (RE))
INSERT INTO FUNCIONARIOS VALUES(1221,'Jo\u00e3o Farias','1998-03-12',3000.00)
COMMIT
INSERT INTO FUNCIONARIOS VALUES(3201,'Jo\u00e3o Farias','1998-03-12',3000.00)
COMMIT
INSERT INTO FUNCIONARIOS VALUES(3568,'Patricia Abravanel','1988-06-29',10000.00)
COMMIT
INSERT INTO FUNCIONARIOS VALUES(2598,'Henrique Santos','1995-08-14',3400.00)
COMMIT
INSERT INTO FUNCIONARIOS VALUES(6581,'Ana Beatriz Barratela','2003-11-04',2000.00)
COMMIT
DELETE FROM FUNCIONARIOS WHERE RE=3568
INSERT INTO FUNCIONARIOS VALUES(3568,'Patricia Abravanel','1988-06-29',5000.00)
COMMIT
DELETE FROM FUNCIONARIOS WHERE RE=1221
COMMIT
DELETE FROM FUNCIONARIOS WHERE RE=3201
INSERT INTO FUNCIONARIOS VALUES(3201,'Rian Gosling','1998-03-12',3000.00)
COMMIT
